// Jest Snapshot v1, https://goo.gl/fbAQLP

exports[`HomeScreen should match the snapshot 1`] = `
<Component
  style={
    Object {
      "alignItems": "stretch",
      "display": "flex",
      "flex": 1,
      "flexDirection": "column",
      "height": "100%",
      "paddingTop": 20,
      "width": "100%",
    }
  }
>
  <Component
    style={
      Object {
        "color": "white",
        "fontSize": 30,
        "marginLeft": 20,
        "marginTop": 20,
        "position": "relative",
        "zIndex": 20000,
      }
    }
  >
    Howard
  </Component>
  <Component
    style={
      Object {
        "color": "white",
        "fontSize": 20,
        "marginLeft": 20,
        "marginTop": 5,
        "position": "relative",
        "zIndex": 20000,
      }
    }
  >
    astronomer
  </Component>
  <Component
    style={
      Object {
        "alignItems": "center",
        "display": "flex",
        "height": 180,
        "justifyContent": "center",
        "marginBottom": 20,
        "shadowColor": "black",
        "shadowOffset": Object {
          "height": 5,
          "width": 5,
        },
        "shadowOpacity": 0.5,
        "shadowRadius": 5,
        "width": "100%",
        "zIndex": 200000,
      }
    }
  >
    <Component
      source={1}
      style={
        Object {
          "borderRadius": 90,
          "height": 180,
          "width": 180,
          "zIndex": 20000,
        }
      }
    />
  </Component>
  <Component
    style={
      Object {
        "shadowColor": "black",
        "shadowOffset": Object {
          "height": 2,
          "width": 0,
        },
        "shadowOpacity": 0.5,
        "shadowRadius": 10,
      }
    }
  >
    <LinearGradient
      colors={
        Array [
          "#4AA9C5",
          "#6383C1",
          "#93548F",
        ]
      }
      start={
        Array [
          0.4,
          0.7,
        ]
      }
      style={
        Array [
          Object {
            "height": 600,
            "left": -90,
            "position": "absolute",
            "top": -690,
            "width": 600,
          },
          Object {
            "borderRadius": 300,
          },
        ]
      }
    />
  </Component>
  <Component
    styles={
      Object {
        "alignItems": "stretch",
        "backgroundColor": "blue",
        "display": "flex",
        "shadowColor": "black",
        "shadowOffset": Object {
          "height": 2,
          "width": 0,
        },
        "shadowOpacity": 0.5,
        "shadowRadius": 10,
        "width": "100%",
      }
    }
  >
    <Component
      style={
        Object {
          "color": "#4AA9C5",
          "fontSize": 20,
          "marginBottom": 10,
          "marginLeft": 20,
        }
      }
    >
      Suggested Connections
    </Component>
  </Component>
</Component>
`;
